2026-05-01T16:29:35.814+03:00  INFO 1445732 --- [measurement-bpm-application] [main] c.g.a.m.MeasurementBpmApplication        : Starting MeasurementBpmApplication using Java 17.0.17 with PID 1445732 (/home/aleksei/OpenideProjects/measurement-bpm-application/build/classes/java/main started by aleksei in /home/aleksei/OpenideProjects/measurement-bpm-application)
2026-05-01T16:29:35.887+03:00  INFO 1445732 --- [measurement-bpm-application] [main] c.g.a.m.MeasurementBpmApplication        : The following 1 profile is active: "prod"
2026-05-01T16:29:38.959+03:00  INFO 1445732 --- [measurement-bpm-application] [main] o.s.b.w.embedded.tomcat.TomcatWebServer  : Tomcat initialized with port 9090 (http)
2026-05-01T16:29:38.985+03:00  INFO 1445732 --- [measurement-bpm-application] [main] o.apache.catalina.core.StandardService   : Starting service [Tomcat]
2026-05-01T16:29:38.987+03:00  INFO 1445732 --- [measurement-bpm-application] [main] o.apache.catalina.core.StandardEngine    : Starting Servlet engine: [Apache Tomcat/10.1.52]
2026-05-01T16:29:39.099+03:00  INFO 1445732 --- [measurement-bpm-application] [main] o.a.c.c.C.[Tomcat].[localhost].[/]       : Initializing Spring embedded WebApplicationContext
2026-05-01T16:29:39.101+03:00  INFO 1445732 --- [measurement-bpm-application] [main] w.s.c.ServletWebServerApplicationContext : Root WebApplicationContext: initialization completed in 2997 ms
2026-05-01T16:29:40.101+03:00  INFO 1445732 --- [measurement-bpm-application] [main] o.s.b.a.w.s.WelcomePageHandlerMapping    : Adding welcome page template: index
2026-05-01T16:29:41.057+03:00  INFO 1445732 --- [measurement-bpm-application] [main] o.s.b.w.embedded.tomcat.TomcatWebServer  : Tomcat started on port 9090 (http) with context path '/'
2026-05-01T16:29:41.123+03:00  INFO 1445732 --- [measurement-bpm-application] [main] c.g.a.m.MeasurementBpmApplication        : Started MeasurementBpmApplication in 7.849 seconds (process running for 9.088)
2026-05-01T16:29:41.167+03:00  INFO 1445732 --- [measurement-bpm-application] [task-2] c.g.a.m.f.service.FileServiceScheduler   : Запущен процесс очитки устаревших отчетов о поверке для ФГИС Аршин в файловом хранилище
2026-05-01T16:29:41.170+03:00  INFO 1445732 --- [measurement-bpm-application] [task-1] c.g.a.m.f.service.FileServiceScheduler   : Запущен процесс очитки устаревших отчетов о поверке для ФСА в файловом хранилище
2026-05-01T16:29:41.167+03:00  INFO 1445732 --- [measurement-bpm-application] [task-3] c.g.a.m.f.service.FileServiceScheduler   : Запущен процесс очитки временных файлов в файловом хранилище
2026-05-01T16:29:41.190+03:00  INFO 1445732 --- [measurement-bpm-application] [task-3] c.g.a.m.f.service.FileServiceScheduler   : Очистка файлового хранилища. Файл [ /home/aleksei/TMP/tmp/d3d70e46-2b18-4cf5-8c6f-3632d1592b04_2026-03-23T21:04:34.750885091.tmp ] успешно удален
2026-05-01T16:29:41.191+03:00  INFO 1445732 --- [measurement-bpm-application] [task-2] c.g.a.m.f.service.FileServiceScheduler   : Очистка файлового хранилища. Файл [ /home/aleksei/TMP/ArshinReports/ArshinReport442c9451-96a2-4629-a254-e4af9aad2e32.xml ] успешно удален
2026-05-01T16:29:41.213+03:00  INFO 1445732 --- [measurement-bpm-application] [task-2] c.g.a.m.f.service.FileServiceScheduler   : Очистка файлового хранилища. Файл [ /home/aleksei/TMP/ArshinReports/ArshinReport1b3b01a1-bff5-46e0-84db-a5b771e5c978.xml ] успешно удален
2026-05-01T16:29:41.637+03:00  INFO 1445732 --- [measurement-bpm-application] [task-4] c.g.a.m.r.service.FsaReportTaskExecutor  : Запущено выполнение задачи [ d9a1f42e-19c4-4db0-9e43-d94f159c7240 ] в потоке task-4
2026-05-01T16:29:41.639+03:00  INFO 1445732 --- [measurement-bpm-application] [task-4] c.g.a.m.r.service.FsaReportTaskExecutor  : Срок выполнения задачи [ d9a1f42e-19c4-4db0-9e43-d94f159c7240 ] истек. Она помечена на удаление
2026-05-01T16:29:41.689+03:00  INFO 1445732 --- [measurement-bpm-application] [task-4] c.g.a.m.r.service.FsaReportTaskExecutor  : Задача [ d9a1f42e-19c4-4db0-9e43-d94f159c7240 ] не выполняется т.к. не истек интервал между попытками
2026-05-01T16:31:41.639+03:00  INFO 1445732 --- [measurement-bpm-application] [task-5] c.g.a.m.r.service.FsaReportTaskExecutor  : Запущено выполнение задачи [ d9a1f42e-19c4-4db0-9e43-d94f159c7240 ] в потоке task-5
2026-05-01T16:31:41.640+03:00  INFO 1445732 --- [measurement-bpm-application] [task-5] c.g.a.m.r.service.FsaReportTaskExecutor  : Задача [ d9a1f42e-19c4-4db0-9e43-d94f159c7240 ] уже выполнена
2026-05-01T16:33:41.645+03:00  INFO 1445732 --- [measurement-bpm-application] [task-6] c.g.a.m.r.service.FsaReportTaskExecutor  : Запущено выполнение задачи [ d9a1f42e-19c4-4db0-9e43-d94f159c7240 ] в потоке task-6
2026-05-01T16:33:41.647+03:00  INFO 1445732 --- [measurement-bpm-application] [task-6] c.g.a.m.r.service.FsaReportTaskExecutor  : Задача [ d9a1f42e-19c4-4db0-9e43-d94f159c7240 ] уже выполнена
2026-05-01T16:33:47.277+03:00  INFO 1445732 --- [measurement-bpm-application] [SpringApplicationShutdownHook] o.s.b.w.e.tomcat.GracefulShutdown        : Commencing graceful shutdown. Waiting for active requests to complete
2026-05-01T16:33:47.287+03:00  INFO 1445732 --- [measurement-bpm-application] [tomcat-shutdown] o.s.b.w.e.tomcat.GracefulShutdown        : Graceful shutdown complete
2026-05-01T17:34:43.562+03:00  INFO 1461939 --- [measurement-bpm-application] [main] c.g.a.m.MeasurementBpmApplication        : Starting MeasurementBpmApplication using Java 17.0.17 with PID 1461939 (/home/aleksei/OpenideProjects/measurement-bpm-application/build/classes/java/main started by aleksei in /home/aleksei/OpenideProjects/measurement-bpm-application)
2026-05-01T17:34:43.569+03:00  INFO 1461939 --- [measurement-bpm-application] [main] c.g.a.m.MeasurementBpmApplication        : The following 1 profile is active: "prod"
2026-05-01T17:34:46.444+03:00  INFO 1461939 --- [measurement-bpm-application] [main] o.s.b.w.embedded.tomcat.TomcatWebServer  : Tomcat initialized with port 9090 (http)
2026-05-01T17:34:46.477+03:00  INFO 1461939 --- [measurement-bpm-application] [main] o.apache.catalina.core.StandardService   : Starting service [Tomcat]
2026-05-01T17:34:46.479+03:00  INFO 1461939 --- [measurement-bpm-application] [main] o.apache.catalina.core.StandardEngine    : Starting Servlet engine: [Apache Tomcat/10.1.52]
2026-05-01T17:34:46.569+03:00  INFO 1461939 --- [measurement-bpm-application] [main] o.a.c.c.C.[Tomcat].[localhost].[/]       : Initializing Spring embedded WebApplicationContext
2026-05-01T17:34:46.570+03:00  INFO 1461939 --- [measurement-bpm-application] [main] w.s.c.ServletWebServerApplicationContext : Root WebApplicationContext: initialization completed in 2781 ms
2026-05-01T17:34:47.079+03:00  INFO 1461939 --- [measurement-bpm-application] [main] c.g.a.a.config.ArshinClientProperties    : ArshinClientStarter: Значение задержки между запросами не задано или задано неверно и будет установлено по умолчанию 5000 мс
2026-05-01T17:34:47.089+03:00  WARN 1461939 --- [measurement-bpm-application] [main] ConfigServletWebServerApplicationContext : Exception encountered during context initialization - cancelling refresh attempt: org.springframework.beans.factory.UnsatisfiedDependencyException: Error creating bean with name 'reportsApi' defined in file [/home/aleksei/OpenideProjects/measurement-bpm-application/build/classes/java/main/com/github/alxsshv/measurementbpmapplication/reports/api/ReportsApi.class]: Unsatisfied dependency expressed through constructor parameter 1: Error creating bean with name 'fsaReportFacade' defined in file [/home/aleksei/OpenideProjects/measurement-bpm-application/build/classes/java/main/com/github/alxsshv/measurementbpmapplication/reports/service/fsa/FsaReportFacade.class]: Unsatisfied dependency expressed through constructor parameter 2: Error creating bean with name 'verificationRecordSupplementService' defined in file [/home/aleksei/OpenideProjects/measurement-bpm-application/build/classes/java/main/com/github/alxsshv/measurementbpmapplication/reports/service/fsa/VerificationRecordSupplementService.class]: Unsatisfied dependency expressed through constructor parameter 0: Error creating bean with name 'arshinClientApi' defined in class path resource [com/github/alxsshv/arshin_client_starter/config/ArshinClientAutoConfiguration.class]: Unsatisfied dependency expressed through method 'arshinClientApi' parameter 0: Error creating bean with name 'vriService' defined in class path resource [com/github/alxsshv/arshin_client_starter/config/ArshinClientAutoConfiguration.class]: Unsatisfied dependency expressed through method 'vriService' parameter 1: Error creating bean with name 'arshin.client.organization-com.github.alxsshv.arshin_client_starter.config.ArshinClientOrganizationProperties': Could not bind properties to 'ArshinClientOrganizationProperties' : prefix=arshin.client.organization, ignoreInvalidFields=false, ignoreUnknownFields=true
2026-05-01T17:34:47.096+03:00  INFO 1461939 --- [measurement-bpm-application] [main] o.apache.catalina.core.StandardService   : Stopping service [Tomcat]
2026-05-01T17:34:47.128+03:00  INFO 1461939 --- [measurement-bpm-application] [main] .s.b.a.l.ConditionEvaluationReportLogger : 

Error starting ApplicationContext. To display the condition evaluation report re-run your application with 'debug' enabled.
2026-05-01T17:34:47.164+03:00 ERROR 1461939 --- [measurement-bpm-application] [main] o.s.b.d.LoggingFailureAnalysisReporter   : 

***************************
APPLICATION FAILED TO START
***************************

Description:

Failed to bind properties under 'arshin.client.organization' to com.github.alxsshv.arshin_client_starter.config.ArshinClientOrganizationProperties:

    Reason: com.github.alxsshv.arshin_client_starter.exception.ArshinClientConfigurationException: В файле свойств не сконфигурированы данные организации: sign и title

Action:

Update your application's configuration

2026-05-01T17:37:17.255+03:00  INFO 1462205 --- [measurement-bpm-application] [main] c.g.a.m.MeasurementBpmApplication        : Starting MeasurementBpmApplication using Java 17.0.17 with PID 1462205 (/home/aleksei/OpenideProjects/measurement-bpm-application/build/classes/java/main started by aleksei in /home/aleksei/OpenideProjects/measurement-bpm-application)
2026-05-01T17:37:17.261+03:00  INFO 1462205 --- [measurement-bpm-application] [main] c.g.a.m.MeasurementBpmApplication        : The following 1 profile is active: "prod"
2026-05-01T17:37:20.005+03:00  INFO 1462205 --- [measurement-bpm-application] [main] o.s.b.w.embedded.tomcat.TomcatWebServer  : Tomcat initialized with port 9090 (http)
2026-05-01T17:37:20.039+03:00  INFO 1462205 --- [measurement-bpm-application] [main] o.apache.catalina.core.StandardService   : Starting service [Tomcat]
2026-05-01T17:37:20.040+03:00  INFO 1462205 --- [measurement-bpm-application] [main] o.apache.catalina.core.StandardEngine    : Starting Servlet engine: [Apache Tomcat/10.1.52]
2026-05-01T17:37:20.143+03:00  INFO 1462205 --- [measurement-bpm-application] [main] o.a.c.c.C.[Tomcat].[localhost].[/]       : Initializing Spring embedded WebApplicationContext
2026-05-01T17:37:20.145+03:00  INFO 1462205 --- [measurement-bpm-application] [main] w.s.c.ServletWebServerApplicationContext : Root WebApplicationContext: initialization completed in 2714 ms
2026-05-01T17:37:20.753+03:00  INFO 1462205 --- [measurement-bpm-application] [main] c.g.a.a.config.ArshinClientProperties    : ArshinClientStarter: Значение задержки между запросами не задано или задано неверно и будет установлено по умолчанию 5000 мс
2026-05-01T17:37:20.761+03:00  WARN 1462205 --- [measurement-bpm-application] [main] ConfigServletWebServerApplicationContext : Exception encountered during context initialization - cancelling refresh attempt: org.springframework.beans.factory.UnsatisfiedDependencyException: Error creating bean with name 'reportsApi' defined in file [/home/aleksei/OpenideProjects/measurement-bpm-application/build/classes/java/main/com/github/alxsshv/measurementbpmapplication/reports/api/ReportsApi.class]: Unsatisfied dependency expressed through constructor parameter 1: Error creating bean with name 'fsaReportFacade' defined in file [/home/aleksei/OpenideProjects/measurement-bpm-application/build/classes/java/main/com/github/alxsshv/measurementbpmapplication/reports/service/fsa/FsaReportFacade.class]: Unsatisfied dependency expressed through constructor parameter 2: Error creating bean with name 'verificationRecordSupplementService' defined in file [/home/aleksei/OpenideProjects/measurement-bpm-application/build/classes/java/main/com/github/alxsshv/measurementbpmapplication/reports/service/fsa/VerificationRecordSupplementService.class]: Unsatisfied dependency expressed through constructor parameter 0: Error creating bean with name 'arshinClientApi' defined in class path resource [com/github/alxsshv/arshin_client_starter/config/ArshinClientAutoConfiguration.class]: Unsatisfied dependency expressed through method 'arshinClientApi' parameter 0: Error creating bean with name 'vriService' defined in class path resource [com/github/alxsshv/arshin_client_starter/config/ArshinClientAutoConfiguration.class]: Unsatisfied dependency expressed through method 'vriService' parameter 1: Error creating bean with name 'arshin.client.organization-com.github.alxsshv.arshin_client_starter.config.ArshinClientOrganizationProperties': Could not bind properties to 'ArshinClientOrganizationProperties' : prefix=arshin.client.organization, ignoreInvalidFields=false, ignoreUnknownFields=true
2026-05-01T17:37:20.767+03:00  INFO 1462205 --- [measurement-bpm-application] [main] o.apache.catalina.core.StandardService   : Stopping service [Tomcat]
2026-05-01T17:37:20.796+03:00  INFO 1462205 --- [measurement-bpm-application] [main] .s.b.a.l.ConditionEvaluationReportLogger : 

Error starting ApplicationContext. To display the condition evaluation report re-run your application with 'debug' enabled.
2026-05-01T17:37:20.826+03:00 ERROR 1462205 --- [measurement-bpm-application] [main] o.s.b.d.LoggingFailureAnalysisReporter   : 

***************************
APPLICATION FAILED TO START
***************************

Description:

Failed to bind properties under 'arshin.client.organization' to com.github.alxsshv.arshin_client_starter.config.ArshinClientOrganizationProperties:

    Reason: com.github.alxsshv.arshin_client_starter.exception.ArshinClientConfigurationException: В файле свойств не сконфигурированы данные организации: sign и title

Action:

Update your application's configuration

2026-05-01T17:38:23.679+03:00  INFO 1462375 --- [measurement-bpm-application] [main] c.g.a.m.MeasurementBpmApplication        : Starting MeasurementBpmApplication using Java 17.0.17 with PID 1462375 (/home/aleksei/OpenideProjects/measurement-bpm-application/build/classes/java/main started by aleksei in /home/aleksei/OpenideProjects/measurement-bpm-application)
2026-05-01T17:38:23.685+03:00  INFO 1462375 --- [measurement-bpm-application] [main] c.g.a.m.MeasurementBpmApplication        : The following 1 profile is active: "prod"
2026-05-01T17:38:26.262+03:00  INFO 1462375 --- [measurement-bpm-application] [main] o.s.b.w.embedded.tomcat.TomcatWebServer  : Tomcat initialized with port 9090 (http)
2026-05-01T17:38:26.288+03:00  INFO 1462375 --- [measurement-bpm-application] [main] o.apache.catalina.core.StandardService   : Starting service [Tomcat]
2026-05-01T17:38:26.289+03:00  INFO 1462375 --- [measurement-bpm-application] [main] o.apache.catalina.core.StandardEngine    : Starting Servlet engine: [Apache Tomcat/10.1.52]
2026-05-01T17:38:26.392+03:00  INFO 1462375 --- [measurement-bpm-application] [main] o.a.c.c.C.[Tomcat].[localhost].[/]       : Initializing Spring embedded WebApplicationContext
2026-05-01T17:38:26.394+03:00  INFO 1462375 --- [measurement-bpm-application] [main] w.s.c.ServletWebServerApplicationContext : Root WebApplicationContext: initialization completed in 2552 ms
2026-05-01T17:38:26.988+03:00  INFO 1462375 --- [measurement-bpm-application] [main] c.g.a.a.config.ArshinClientProperties    : ArshinClientStarter: Значение задержки между запросами не задано или задано неверно и будет установлено по умолчанию 5000 мс
2026-05-01T17:38:26.995+03:00  WARN 1462375 --- [measurement-bpm-application] [main] ConfigServletWebServerApplicationContext : Exception encountered during context initialization - cancelling refresh attempt: org.springframework.beans.factory.UnsatisfiedDependencyException: Error creating bean with name 'reportsApi' defined in file [/home/aleksei/OpenideProjects/measurement-bpm-application/build/classes/java/main/com/github/alxsshv/measurementbpmapplication/reports/api/ReportsApi.class]: Unsatisfied dependency expressed through constructor parameter 1: Error creating bean with name 'fsaReportFacade' defined in file [/home/aleksei/OpenideProjects/measurement-bpm-application/build/classes/java/main/com/github/alxsshv/measurementbpmapplication/reports/service/fsa/FsaReportFacade.class]: Unsatisfied dependency expressed through constructor parameter 2: Error creating bean with name 'verificationRecordSupplementService' defined in file [/home/aleksei/OpenideProjects/measurement-bpm-application/build/classes/java/main/com/github/alxsshv/measurementbpmapplication/reports/service/fsa/VerificationRecordSupplementService.class]: Unsatisfied dependency expressed through constructor parameter 0: Error creating bean with name 'arshinClientApi' defined in class path resource [com/github/alxsshv/arshin_client_starter/config/ArshinClientAutoConfiguration.class]: Unsatisfied dependency expressed through method 'arshinClientApi' parameter 0: Error creating bean with name 'vriService' defined in class path resource [com/github/alxsshv/arshin_client_starter/config/ArshinClientAutoConfiguration.class]: Unsatisfied dependency expressed through method 'vriService' parameter 1: Error creating bean with name 'arshin.client.organization-com.github.alxsshv.arshin_client_starter.config.ArshinClientOrganizationProperties': Could not bind properties to 'ArshinClientOrganizationProperties' : prefix=arshin.client.organization, ignoreInvalidFields=false, ignoreUnknownFields=true
2026-05-01T17:38:27.001+03:00  INFO 1462375 --- [measurement-bpm-application] [main] o.apache.catalina.core.StandardService   : Stopping service [Tomcat]
2026-05-01T17:38:27.024+03:00  INFO 1462375 --- [measurement-bpm-application] [main] .s.b.a.l.ConditionEvaluationReportLogger : 

Error starting ApplicationContext. To display the condition evaluation report re-run your application with 'debug' enabled.
2026-05-01T17:38:27.055+03:00 ERROR 1462375 --- [measurement-bpm-application] [main] o.s.b.d.LoggingFailureAnalysisReporter   : 

***************************
APPLICATION FAILED TO START
***************************

Description:

Failed to bind properties under 'arshin.client.organization' to com.github.alxsshv.arshin_client_starter.config.ArshinClientOrganizationProperties:

    Reason: com.github.alxsshv.arshin_client_starter.exception.ArshinClientConfigurationException: В файле свойств не сконфигурированы данные организации: sign и title

Action:

Update your application's configuration

2026-05-01T17:49:18.521+03:00  INFO 1463799 --- [measurement-bpm-application] [main] c.g.a.m.MeasurementBpmApplication        : Starting MeasurementBpmApplication using Java 17.0.17 with PID 1463799 (/home/aleksei/OpenideProjects/measurement-bpm-application/build/classes/java/main started by aleksei in /home/aleksei/OpenideProjects/measurement-bpm-application)
2026-05-01T17:49:18.533+03:00  INFO 1463799 --- [measurement-bpm-application] [main] c.g.a.m.MeasurementBpmApplication        : The following 1 profile is active: "prod"
2026-05-01T17:49:21.925+03:00  INFO 1463799 --- [measurement-bpm-application] [main] o.s.b.w.embedded.tomcat.TomcatWebServer  : Tomcat initialized with port 9090 (http)
2026-05-01T17:49:21.951+03:00  INFO 1463799 --- [measurement-bpm-application] [main] o.apache.catalina.core.StandardService   : Starting service [Tomcat]
2026-05-01T17:49:21.953+03:00  INFO 1463799 --- [measurement-bpm-application] [main] o.apache.catalina.core.StandardEngine    : Starting Servlet engine: [Apache Tomcat/10.1.52]
2026-05-01T17:49:22.045+03:00  INFO 1463799 --- [measurement-bpm-application] [main] o.a.c.c.C.[Tomcat].[localhost].[/]       : Initializing Spring embedded WebApplicationContext
2026-05-01T17:49:22.046+03:00  INFO 1463799 --- [measurement-bpm-application] [main] w.s.c.ServletWebServerApplicationContext : Root WebApplicationContext: initialization completed in 3316 ms
2026-05-01T17:49:22.669+03:00  INFO 1463799 --- [measurement-bpm-application] [main] c.g.a.a.config.ArshinClientProperties    : ArshinClientStarter: Значение задержки между запросами не задано или задано неверно и будет установлено по умолчанию 5000 мс
2026-05-01T17:49:22.684+03:00  WARN 1463799 --- [measurement-bpm-application] [main] ConfigServletWebServerApplicationContext : Exception encountered during context initialization - cancelling refresh attempt: org.springframework.beans.factory.UnsatisfiedDependencyException: Error creating bean with name 'reportsApi' defined in file [/home/aleksei/OpenideProjects/measurement-bpm-application/build/classes/java/main/com/github/alxsshv/measurementbpmapplication/reports/api/ReportsApi.class]: Unsatisfied dependency expressed through constructor parameter 1: Error creating bean with name 'fsaReportFacade' defined in file [/home/aleksei/OpenideProjects/measurement-bpm-application/build/classes/java/main/com/github/alxsshv/measurementbpmapplication/reports/service/fsa/FsaReportFacade.class]: Unsatisfied dependency expressed through constructor parameter 2: Error creating bean with name 'verificationRecordSupplementService' defined in file [/home/aleksei/OpenideProjects/measurement-bpm-application/build/classes/java/main/com/github/alxsshv/measurementbpmapplication/reports/service/fsa/VerificationRecordSupplementService.class]: Unsatisfied dependency expressed through constructor parameter 0: Error creating bean with name 'arshinClientApi' defined in class path resource [com/github/alxsshv/arshin_client_starter/config/ArshinClientAutoConfiguration.class]: Unsatisfied dependency expressed through method 'arshinClientApi' parameter 0: Error creating bean with name 'vriService': Invocation of init method failed
2026-05-01T17:49:22.691+03:00  INFO 1463799 --- [measurement-bpm-application] [main] o.apache.catalina.core.StandardService   : Stopping service [Tomcat]
2026-05-01T17:49:22.726+03:00  INFO 1463799 --- [measurement-bpm-application] [main] .s.b.a.l.ConditionEvaluationReportLogger : 

Error starting ApplicationContext. To display the condition evaluation report re-run your application with 'debug' enabled.
2026-05-01T17:49:22.764+03:00 ERROR 1463799 --- [measurement-bpm-application] [main] o.s.boot.SpringApplication               : Application run failed

org.springframework.beans.factory.UnsatisfiedDependencyException: Error creating bean with name 'reportsApi' defined in file [/home/aleksei/OpenideProjects/measurement-bpm-application/build/classes/java/main/com/github/alxsshv/measurementbpmapplication/reports/api/ReportsApi.class]: Unsatisfied dependency expressed through constructor parameter 1: Error creating bean with name 'fsaReportFacade' defined in file [/home/aleksei/OpenideProjects/measurement-bpm-application/build/classes/java/main/com/github/alxsshv/measurementbpmapplication/reports/service/fsa/FsaReportFacade.class]: Unsatisfied dependency expressed through constructor parameter 2: Error creating bean with name 'verificationRecordSupplementService' defined in file [/home/aleksei/OpenideProjects/measurement-bpm-application/build/classes/java/main/com/github/alxsshv/measurementbpmapplication/reports/service/fsa/VerificationRecordSupplementService.class]: Unsatisfied dependency expressed through constructor parameter 0: Error creating bean with name 'arshinClientApi' defined in class path resource [com/github/alxsshv/arshin_client_starter/config/ArshinClientAutoConfiguration.class]: Unsatisfied dependency expressed through method 'arshinClientApi' parameter 0: Error creating bean with name 'vriService': Invocation of init method failed
	at org.springframework.beans.factory.support.ConstructorResolver.createArgumentArray(ConstructorResolver.java:804) ~[spring-beans-6.2.16.jar:6.2.16]
	at org.springframework.beans.factory.support.ConstructorResolver.autowireConstructor(ConstructorResolver.java:240) ~[spring-beans-6.2.16.jar:6.2.16]
	at org.springframework.beans.factory.support.AbstractAutowireCapableBeanFactory.autowireConstructor(AbstractAutowireCapableBeanFactory.java:1395) ~[spring-beans-6.2.16.jar:6.2.16]
	at org.springframework.beans.factory.support.AbstractAutowireCapableBeanFactory.createBeanInstance(AbstractAutowireCapableBeanFactory.java:1232) ~[spring-beans-6.2.16.jar:6.2.16]
	at org.springframework.beans.factory.support.AbstractAutowireCapableBeanFactory.doCreateBean(AbstractAutowireCapableBeanFactory.java:569) ~[spring-beans-6.2.16.jar:6.2.16]
	at org.springframework.beans.factory.support.AbstractAutowireCapableBeanFactory.createBean(AbstractAutowireCapableBeanFactory.java:529) ~[spring-beans-6.2.16.jar:6.2.16]
	at org.springframework.beans.factory.support.AbstractBeanFactory.lambda$doGetBean$0(AbstractBeanFactory.java:339) ~[spring-beans-6.2.16.jar:6.2.16]
	at org.springframework.beans.factory.support.DefaultSingletonBeanRegistry.getSingleton(DefaultSingletonBeanRegistry.java:373) ~[spring-beans-6.2.16.jar:6.2.16]
	at org.springframework.beans.factory.support.AbstractBeanFactory.doGetBean(AbstractBeanFactory.java:337) ~[spring-beans-6.2.16.jar:6.2.16]
	at org.springframework.beans.factory.support.AbstractBeanFactory.getBean(AbstractBeanFactory.java:202) ~[spring-beans-6.2.16.jar:6.2.16]
	at org.springframework.beans.factory.support.DefaultListableBeanFactory.instantiateSingleton(DefaultListableBeanFactory.java:1228) ~[spring-beans-6.2.16.jar:6.2.16]
	at org.springframework.beans.factory.support.DefaultListableBeanFactory.preInstantiateSingleton(DefaultListableBeanFactory.java:1194) ~[spring-beans-6.2.16.jar:6.2.16]
	at org.springframework.beans.factory.support.DefaultListableBeanFactory.preInstantiateSingletons(DefaultListableBeanFactory.java:1130) ~[spring-beans-6.2.16.jar:6.2.16]
	at org.springframework.context.support.AbstractApplicationContext.finishBeanFactoryInitialization(AbstractApplicationContext.java:991) ~[spring-context-6.2.16.jar:6.2.16]
	at org.springframework.context.support.AbstractApplicationContext.refresh(AbstractApplicationContext.java:628) ~[spring-context-6.2.16.jar:6.2.16]
	at org.springframework.boot.web.servlet.context.ServletWebServerApplicationContext.refresh(ServletWebServerApplicationContext.java:146) ~[spring-boot-3.5.11.jar:3.5.11]
	at org.springframework.boot.SpringApplication.refresh(SpringApplication.java:752) ~[spring-boot-3.5.11.jar:3.5.11]
	at org.springframework.boot.SpringApplication.refreshContext(SpringApplication.java:439) ~[spring-boot-3.5.11.jar:3.5.11]
	at org.springframework.boot.SpringApplication.run(SpringApplication.java:318) ~[spring-boot-3.5.11.jar:3.5.11]
	at org.springframework.boot.SpringApplication.run(SpringApplication.java:1361) ~[spring-boot-3.5.11.jar:3.5.11]
	at org.springframework.boot.SpringApplication.run(SpringApplication.java:1350) ~[spring-boot-3.5.11.jar:3.5.11]
	at com.github.alxsshv.measurementbpmapplication.MeasurementBpmApplication.main(MeasurementBpmApplication.java:14) ~[main/:na]
Caused by: org.springframework.beans.factory.UnsatisfiedDependencyException: Error creating bean with name 'fsaReportFacade' defined in file [/home/aleksei/OpenideProjects/measurement-bpm-application/build/classes/java/main/com/github/alxsshv/measurementbpmapplication/reports/service/fsa/FsaReportFacade.class]: Unsatisfied dependency expressed through constructor parameter 2: Error creating bean with name 'verificationRecordSupplementService' defined in file [/home/aleksei/OpenideProjects/measurement-bpm-application/build/classes/java/main/com/github/alxsshv/measurementbpmapplication/reports/service/fsa/VerificationRecordSupplementService.class]: Unsatisfied dependency expressed through constructor parameter 0: Error creating bean with name 'arshinClientApi' defined in class path resource [com/github/alxsshv/arshin_client_starter/config/ArshinClientAutoConfiguration.class]: Unsatisfied dependency expressed through method 'arshinClientApi' parameter 0: Error creating bean with name 'vriService': Invocation of init method failed
	at org.springframework.beans.factory.support.ConstructorResolver.createArgumentArray(ConstructorResolver.java:804) ~[spring-beans-6.2.16.jar:6.2.16]
	at org.springframework.beans.factory.support.ConstructorResolver.autowireConstructor(ConstructorResolver.java:240) ~[spring-beans-6.2.16.jar:6.2.16]
	at org.springframework.beans.factory.support.AbstractAutowireCapableBeanFactory.autowireConstructor(AbstractAutowireCapableBeanFactory.java:1395) ~[spring-beans-6.2.16.jar:6.2.16]
	at org.springframework.beans.factory.support.AbstractAutowireCapableBeanFactory.createBeanInstance(AbstractAutowireCapableBeanFactory.java:1232) ~[spring-beans-6.2.16.jar:6.2.16]
	at org.springframework.beans.factory.support.AbstractAutowireCapableBeanFactory.doCreateBean(AbstractAutowireCapableBeanFactory.java:569) ~[spring-beans-6.2.16.jar:6.2.16]
	at org.springframework.beans.factory.support.AbstractAutowireCapableBeanFactory.createBean(AbstractAutowireCapableBeanFactory.java:529) ~[spring-beans-6.2.16.jar:6.2.16]
	at org.springframework.beans.factory.support.AbstractBeanFactory.lambda$doGetBean$0(AbstractBeanFactory.java:339) ~[spring-beans-6.2.16.jar:6.2.16]
	at org.springframework.beans.factory.support.DefaultSingletonBeanRegistry.getSingleton(DefaultSingletonBeanRegistry.java:373) ~[spring-beans-6.2.16.jar:6.2.16]
	at org.springframework.beans.factory.support.AbstractBeanFactory.doGetBean(AbstractBeanFactory.java:337) ~[spring-beans-6.2.16.jar:6.2.16]
	at org.springframework.beans.factory.support.AbstractBeanFactory.getBean(AbstractBeanFactory.java:202) ~[spring-beans-6.2.16.jar:6.2.16]
	at org.springframework.beans.factory.support.DefaultListableBeanFactory.doResolveDependency(DefaultListableBeanFactory.java:1708) ~[spring-beans-6.2.16.jar:6.2.16]
	at org.springframework.beans.factory.support.DefaultListableBeanFactory.resolveDependency(DefaultListableBeanFactory.java:1653) ~[spring-beans-6.2.16.jar:6.2.16]
	at org.springframework.beans.factory.support.ConstructorResolver.resolveAutowiredArgument(ConstructorResolver.java:913) ~[spring-beans-6.2.16.jar:6.2.16]
	at org.springframework.beans.factory.support.ConstructorResolver.createArgumentArray(ConstructorResolver.java:791) ~[spring-beans-6.2.16.jar:6.2.16]
	... 21 common frames omitted
Caused by: org.springframework.beans.factory.UnsatisfiedDependencyException: Error creating bean with name 'verificationRecordSupplementService' defined in file [/home/aleksei/OpenideProjects/measurement-bpm-application/build/classes/java/main/com/github/alxsshv/measurementbpmapplication/reports/service/fsa/VerificationRecordSupplementService.class]: Unsatisfied dependency expressed through constructor parameter 0: Error creating bean with name 'arshinClientApi' defined in class path resource [com/github/alxsshv/arshin_client_starter/config/ArshinClientAutoConfiguration.class]: Unsatisfied dependency expressed through method 'arshinClientApi' parameter 0: Error creating bean with name 'vriService': Invocation of init method failed
	at org.springframework.beans.factory.support.ConstructorResolver.createArgumentArray(ConstructorResolver.java:804) ~[spring-beans-6.2.16.jar:6.2.16]
	at org.springframework.beans.factory.support.ConstructorResolver.autowireConstructor(ConstructorResolver.java:240) ~[spring-beans-6.2.16.jar:6.2.16]
	at org.springframework.beans.factory.support.AbstractAutowireCapableBeanFactory.autowireConstructor(AbstractAutowireCapableBeanFactory.java:1395) ~[spring-beans-6.2.16.jar:6.2.16]
	at org.springframework.beans.factory.support.AbstractAutowireCapableBeanFactory.createBeanInstance(AbstractAutowireCapableBeanFactory.java:1232) ~[spring-beans-6.2.16.jar:6.2.16]
	at org.springframework.beans.factory.support.AbstractAutowireCapableBeanFactory.doCreateBean(AbstractAutowireCapableBeanFactory.java:569) ~[spring-beans-6.2.16.jar:6.2.16]
	at org.springframework.beans.factory.support.AbstractAutowireCapableBeanFactory.createBean(AbstractAutowireCapableBeanFactory.java:529) ~[spring-beans-6.2.16.jar:6.2.16]
	at org.springframework.beans.factory.support.AbstractBeanFactory.lambda$doGetBean$0(AbstractBeanFactory.java:339) ~[spring-beans-6.2.16.jar:6.2.16]
	at org.springframework.beans.factory.support.DefaultSingletonBeanRegistry.getSingleton(DefaultSingletonBeanRegistry.java:373) ~[spring-beans-6.2.16.jar:6.2.16]
	at org.springframework.beans.factory.support.AbstractBeanFactory.doGetBean(AbstractBeanFactory.java:337) ~[spring-beans-6.2.16.jar:6.2.16]
	at org.springframework.beans.factory.support.AbstractBeanFactory.getBean(AbstractBeanFactory.java:202) ~[spring-beans-6.2.16.jar:6.2.16]
	at org.springframework.beans.factory.config.DependencyDescriptor.resolveCandidate(DependencyDescriptor.java:254) ~[spring-beans-6.2.16.jar:6.2.16]
	at org.springframework.beans.factory.support.DefaultListableBeanFactory.doResolveDependency(DefaultListableBeanFactory.java:1770) ~[spring-beans-6.2.16.jar:6.2.16]
	at org.springframework.beans.factory.support.DefaultListableBeanFactory.resolveDependency(DefaultListableBeanFactory.java:1653) ~[spring-beans-6.2.16.jar:6.2.16]
	at org.springframework.beans.factory.support.ConstructorResolver.resolveAutowiredArgument(ConstructorResolver.java:913) ~[spring-beans-6.2.16.jar:6.2.16]
	at org.springframework.beans.factory.support.ConstructorResolver.createArgumentArray(ConstructorResolver.java:791) ~[spring-beans-6.2.16.jar:6.2.16]
	... 34 common frames omitted
Caused by: org.springframework.beans.factory.UnsatisfiedDependencyException: Error creating bean with name 'arshinClientApi' defined in class path resource [com/github/alxsshv/arshin_client_starter/config/ArshinClientAutoConfiguration.class]: Unsatisfied dependency expressed through method 'arshinClientApi' parameter 0: Error creating bean with name 'vriService': Invocation of init method failed
	at org.springframework.beans.factory.support.ConstructorResolver.createArgumentArray(ConstructorResolver.java:804) ~[spring-beans-6.2.16.jar:6.2.16]
	at org.springframework.beans.factory.support.ConstructorResolver.instantiateUsingFactoryMethod(ConstructorResolver.java:546) ~[spring-beans-6.2.16.jar:6.2.16]
	at org.springframework.beans.factory.support.AbstractAutowireCapableBeanFactory.instantiateUsingFactoryMethod(AbstractAutowireCapableBeanFactory.java:1375) ~[spring-beans-6.2.16.jar:6.2.16]
	at org.springframework.beans.factory.support.AbstractAutowireCapableBeanFactory.createBeanInstance(AbstractAutowireCapableBeanFactory.java:1205) ~[spring-beans-6.2.16.jar:6.2.16]
	at org.springframework.beans.factory.support.AbstractAutowireCapableBeanFactory.doCreateBean(AbstractAutowireCapableBeanFactory.java:569) ~[spring-beans-6.2.16.jar:6.2.16]
	at org.springframework.beans.factory.support.AbstractAutowireCapableBeanFactory.createBean(AbstractAutowireCapableBeanFactory.java:529) ~[spring-beans-6.2.16.jar:6.2.16]
	at org.springframework.beans.factory.support.AbstractBeanFactory.lambda$doGetBean$0(AbstractBeanFactory.java:339) ~[spring-beans-6.2.16.jar:6.2.16]
	at org.springframework.beans.factory.support.DefaultSingletonBeanRegistry.getSingleton(DefaultSingletonBeanRegistry.java:373) ~[spring-beans-6.2.16.jar:6.2.16]
	at org.springframework.beans.factory.support.AbstractBeanFactory.doGetBean(AbstractBeanFactory.java:337) ~[spring-beans-6.2.16.jar:6.2.16]
	at org.springframework.beans.factory.support.AbstractBeanFactory.getBean(AbstractBeanFactory.java:202) ~[spring-beans-6.2.16.jar:6.2.16]
	at org.springframework.beans.factory.support.DefaultListableBeanFactory.doResolveDependency(DefaultListableBeanFactory.java:1708) ~[spring-beans-6.2.16.jar:6.2.16]
	at org.springframework.beans.factory.support.DefaultListableBeanFactory.resolveDependency(DefaultListableBeanFactory.java:1653) ~[spring-beans-6.2.16.jar:6.2.16]
	at org.springframework.beans.factory.support.ConstructorResolver.resolveAutowiredArgument(ConstructorResolver.java:913) ~[spring-beans-6.2.16.jar:6.2.16]
	at org.springframework.beans.factory.support.ConstructorResolver.createArgumentArray(ConstructorResolver.java:791) ~[spring-beans-6.2.16.jar:6.2.16]
	... 48 common frames omitted
Caused by: org.springframework.beans.factory.BeanCreationException: Error creating bean with name 'vriService': Invocation of init method failed
	at org.springframework.beans.factory.annotation.InitDestroyAnnotationBeanPostProcessor.postProcessBeforeInitialization(InitDestroyAnnotationBeanPostProcessor.java:222) ~[spring-beans-6.2.16.jar:6.2.16]
	at org.springframework.beans.factory.support.AbstractAutowireCapableBeanFactory.applyBeanPostProcessorsBeforeInitialization(AbstractAutowireCapableBeanFactory.java:429) ~[spring-beans-6.2.16.jar:6.2.16]
	at org.springframework.beans.factory.support.AbstractAutowireCapableBeanFactory.initializeBean(AbstractAutowireCapableBeanFactory.java:1818) ~[spring-beans-6.2.16.jar:6.2.16]
	at org.springframework.beans.factory.support.AbstractAutowireCapableBeanFactory.doCreateBean(AbstractAutowireCapableBeanFactory.java:607) ~[spring-beans-6.2.16.jar:6.2.16]
	at org.springframework.beans.factory.support.AbstractAutowireCapableBeanFactory.createBean(AbstractAutowireCapableBeanFactory.java:529) ~[spring-beans-6.2.16.jar:6.2.16]
	at org.springframework.beans.factory.support.AbstractBeanFactory.lambda$doGetBean$0(AbstractBeanFactory.java:339) ~[spring-beans-6.2.16.jar:6.2.16]
	at org.springframework.beans.factory.support.DefaultSingletonBeanRegistry.getSingleton(DefaultSingletonBeanRegistry.java:373) ~[spring-beans-6.2.16.jar:6.2.16]
	at org.springframework.beans.factory.support.AbstractBeanFactory.doGetBean(AbstractBeanFactory.java:337) ~[spring-beans-6.2.16.jar:6.2.16]
	at org.springframework.beans.factory.support.AbstractBeanFactory.getBean(AbstractBeanFactory.java:202) ~[spring-beans-6.2.16.jar:6.2.16]
	at org.springframework.beans.factory.config.DependencyDescriptor.resolveCandidate(DependencyDescriptor.java:254) ~[spring-beans-6.2.16.jar:6.2.16]
	at org.springframework.beans.factory.support.DefaultListableBeanFactory.doResolveDependency(DefaultListableBeanFactory.java:1770) ~[spring-beans-6.2.16.jar:6.2.16]
	at org.springframework.beans.factory.support.DefaultListableBeanFactory.resolveDependency(DefaultListableBeanFactory.java:1653) ~[spring-beans-6.2.16.jar:6.2.16]
	at org.springframework.beans.factory.support.ConstructorResolver.resolveAutowiredArgument(ConstructorResolver.java:913) ~[spring-beans-6.2.16.jar:6.2.16]
	at org.springframework.beans.factory.support.ConstructorResolver.createArgumentArray(ConstructorResolver.java:791) ~[spring-beans-6.2.16.jar:6.2.16]
	... 61 common frames omitted
Caused by: com.github.alxsshv.arshin_client_starter.exception.ArshinClientConfigurationException: Не указан  шифр организации в файле конфигурации. Пример заполнения файла свойств: + 
client:
  arshin:
    params:
      # Задержка между выполнением запросов к API ФГИС Аршин
      between-requests-delay-ms : 5000
    organization:
        # Шифр организации-поверителя
        sign: АИО
        # Название организации поверителя как в разделе поверка ФГИС Аршин
        title: АО "РОГА И КОПЫТЫ"
    uri:
      # URL по которому обращаемся в ФГИС Аршин для получения сведения о поверке
      vri: "https://fgis.gost.ru/fundmetrology/eapi/vri?"


	at com.github.alxsshv.arshin_client_starter.service.VriService.validateClientParams(VriService.java:53) ~[arshin-client-starter-1.0.1-plain.jar:na]
	at java.base/jdk.internal.reflect.NativeMethodAccessorImpl.invoke0(Native Method) ~[na:na]
	at java.base/jdk.internal.reflect.NativeMethodAccessorImpl.invoke(NativeMethodAccessorImpl.java:77) ~[na:na]
	at java.base/jdk.internal.reflect.DelegatingMethodAccessorImpl.invoke(DelegatingMethodAccessorImpl.java:43) ~[na:na]
	at java.base/java.lang.reflect.Method.invoke(Method.java:569) ~[na:na]
	at org.springframework.beans.factory.annotation.InitDestroyAnnotationBeanPostProcessor$LifecycleMethod.invoke(InitDestroyAnnotationBeanPostProcessor.java:457) ~[spring-beans-6.2.16.jar:6.2.16]
	at org.springframework.beans.factory.annotation.InitDestroyAnnotationBeanPostProcessor$LifecycleMetadata.invokeInitMethods(InitDestroyAnnotationBeanPostProcessor.java:401) ~[spring-beans-6.2.16.jar:6.2.16]
	at org.springframework.beans.factory.annotation.InitDestroyAnnotationBeanPostProcessor.postProcessBeforeInitialization(InitDestroyAnnotationBeanPostProcessor.java:219) ~[spring-beans-6.2.16.jar:6.2.16]
	... 74 common frames omitted

2026-05-01T17:51:06.211+03:00  INFO 1464035 --- [measurement-bpm-application] [main] c.g.a.m.MeasurementBpmApplication        : Starting MeasurementBpmApplication using Java 17.0.17 with PID 1464035 (/home/aleksei/OpenideProjects/measurement-bpm-application/build/classes/java/main started by aleksei in /home/aleksei/OpenideProjects/measurement-bpm-application)
2026-05-01T17:51:06.218+03:00  INFO 1464035 --- [measurement-bpm-application] [main] c.g.a.m.MeasurementBpmApplication        : The following 1 profile is active: "prod"
2026-05-01T17:51:09.142+03:00  INFO 1464035 --- [measurement-bpm-application] [main] o.s.b.w.embedded.tomcat.TomcatWebServer  : Tomcat initialized with port 9090 (http)
2026-05-01T17:51:09.168+03:00  INFO 1464035 --- [measurement-bpm-application] [main] o.apache.catalina.core.StandardService   : Starting service [Tomcat]
2026-05-01T17:51:09.169+03:00  INFO 1464035 --- [measurement-bpm-application] [main] o.apache.catalina.core.StandardEngine    : Starting Servlet engine: [Apache Tomcat/10.1.52]
2026-05-01T17:51:09.264+03:00  INFO 1464035 --- [measurement-bpm-application] [main] o.a.c.c.C.[Tomcat].[localhost].[/]       : Initializing Spring embedded WebApplicationContext
2026-05-01T17:51:09.265+03:00  INFO 1464035 --- [measurement-bpm-application] [main] w.s.c.ServletWebServerApplicationContext : Root WebApplicationContext: initialization completed in 2865 ms
2026-05-01T17:51:10.093+03:00  INFO 1464035 --- [measurement-bpm-application] [main] o.s.b.a.w.s.WelcomePageHandlerMapping    : Adding welcome page template: index
2026-05-01T17:51:10.828+03:00  INFO 1464035 --- [measurement-bpm-application] [main] o.s.b.w.embedded.tomcat.TomcatWebServer  : Tomcat started on port 9090 (http) with context path '/'
2026-05-01T17:51:10.865+03:00  INFO 1464035 --- [measurement-bpm-application] [main] c.g.a.m.MeasurementBpmApplication        : Started MeasurementBpmApplication in 5.982 seconds (process running for 7.374)
2026-05-01T17:51:10.880+03:00  INFO 1464035 --- [measurement-bpm-application] [task-1] c.g.a.m.f.service.FileServiceScheduler   : Запущен процесс очитки устаревших отчетов о поверке для ФСА в файловом хранилище
2026-05-01T17:51:10.882+03:00  INFO 1464035 --- [measurement-bpm-application] [task-2] c.g.a.m.f.service.FileServiceScheduler   : Запущен процесс очитки устаревших отчетов о поверке для ФГИС Аршин в файловом хранилище
2026-05-01T17:51:10.882+03:00  INFO 1464035 --- [measurement-bpm-application] [task-3] c.g.a.m.f.service.FileServiceScheduler   : Запущен процесс очитки временных файлов в файловом хранилище
2026-05-01T17:51:11.040+03:00  INFO 1464035 --- [measurement-bpm-application] [task-4] c.g.a.m.r.service.FsaReportTaskExecutor  : Запущено выполнение задачи [ d9a1f42e-19c4-4db0-9e43-d94f159c7240 ] в потоке task-4
2026-05-01T17:51:11.044+03:00  INFO 1464035 --- [measurement-bpm-application] [task-4] c.g.a.m.r.service.FsaReportTaskExecutor  : Задача [ d9a1f42e-19c4-4db0-9e43-d94f159c7240 ] уже выполнена
2026-05-01T17:51:23.459+03:00  INFO 1464035 --- [measurement-bpm-application] [SpringApplicationShutdownHook] o.s.b.w.e.tomcat.GracefulShutdown        : Commencing graceful shutdown. Waiting for active requests to complete
2026-05-01T17:51:23.469+03:00  INFO 1464035 --- [measurement-bpm-application] [tomcat-shutdown] o.s.b.w.e.tomcat.GracefulShutdown        : Graceful shutdown complete
2026-05-01T17:53:42.066+03:00  INFO 1464571 --- [measurement-bpm-application] [main] c.g.a.m.MeasurementBpmApplication        : Starting MeasurementBpmApplication using Java 17.0.17 with PID 1464571 (/home/aleksei/OpenideProjects/measurement-bpm-application/build/classes/java/main started by aleksei in /home/aleksei/OpenideProjects/measurement-bpm-application)
2026-05-01T17:53:42.072+03:00  INFO 1464571 --- [measurement-bpm-application] [main] c.g.a.m.MeasurementBpmApplication        : The following 1 profile is active: "prod"
2026-05-01T17:53:45.123+03:00  INFO 1464571 --- [measurement-bpm-application] [main] o.s.b.w.embedded.tomcat.TomcatWebServer  : Tomcat initialized with port 9090 (http)
2026-05-01T17:53:45.151+03:00  INFO 1464571 --- [measurement-bpm-application] [main] o.apache.catalina.core.StandardService   : Starting service [Tomcat]
2026-05-01T17:53:45.152+03:00  INFO 1464571 --- [measurement-bpm-application] [main] o.apache.catalina.core.StandardEngine    : Starting Servlet engine: [Apache Tomcat/10.1.52]
2026-05-01T17:53:45.267+03:00  INFO 1464571 --- [measurement-bpm-application] [main] o.a.c.c.C.[Tomcat].[localhost].[/]       : Initializing Spring embedded WebApplicationContext
2026-05-01T17:53:45.268+03:00  INFO 1464571 --- [measurement-bpm-application] [main] w.s.c.ServletWebServerApplicationContext : Root WebApplicationContext: initialization completed in 2997 ms
2026-05-01T17:53:45.929+03:00  INFO 1464571 --- [measurement-bpm-application] [main] c.g.a.a.config.ArshinClientProperties    : ArshinClientStarter: Значение задержки между запросами не задано или задано неверно и будет установлено по умолчанию 5000 мс
2026-05-01T17:53:45.948+03:00  WARN 1464571 --- [measurement-bpm-application] [main] ConfigServletWebServerApplicationContext : Exception encountered during context initialization - cancelling refresh attempt: org.springframework.beans.factory.UnsatisfiedDependencyException: Error creating bean with name 'reportsApi' defined in file [/home/aleksei/OpenideProjects/measurement-bpm-application/build/classes/java/main/com/github/alxsshv/measurementbpmapplication/reports/api/ReportsApi.class]: Unsatisfied dependency expressed through constructor parameter 1: Error creating bean with name 'fsaReportFacade' defined in file [/home/aleksei/OpenideProjects/measurement-bpm-application/build/classes/java/main/com/github/alxsshv/measurementbpmapplication/reports/service/fsa/FsaReportFacade.class]: Unsatisfied dependency expressed through constructor parameter 2: Error creating bean with name 'verificationRecordSupplementService' defined in file [/home/aleksei/OpenideProjects/measurement-bpm-application/build/classes/java/main/com/github/alxsshv/measurementbpmapplication/reports/service/fsa/VerificationRecordSupplementService.class]: Unsatisfied dependency expressed through constructor parameter 0: Error creating bean with name 'arshinClientApi' defined in class path resource [com/github/alxsshv/arshin_client_starter/config/ArshinClientAutoConfiguration.class]: Unsatisfied dependency expressed through method 'arshinClientApi' parameter 0: Error creating bean with name 'vriService': Invocation of init method failed
2026-05-01T17:53:45.955+03:00  INFO 1464571 --- [measurement-bpm-application] [main] o.apache.catalina.core.StandardService   : Stopping service [Tomcat]
2026-05-01T17:53:45.996+03:00  INFO 1464571 --- [measurement-bpm-application] [main] .s.b.a.l.ConditionEvaluationReportLogger : 

Error starting ApplicationContext. To display the condition evaluation report re-run your application with 'debug' enabled.
2026-05-01T17:53:46.028+03:00 ERROR 1464571 --- [measurement-bpm-application] [main] o.s.boot.SpringApplication               : Application run failed

org.springframework.beans.factory.UnsatisfiedDependencyException: Error creating bean with name 'reportsApi' defined in file [/home/aleksei/OpenideProjects/measurement-bpm-application/build/classes/java/main/com/github/alxsshv/measurementbpmapplication/reports/api/ReportsApi.class]: Unsatisfied dependency expressed through constructor parameter 1: Error creating bean with name 'fsaReportFacade' defined in file [/home/aleksei/OpenideProjects/measurement-bpm-application/build/classes/java/main/com/github/alxsshv/measurementbpmapplication/reports/service/fsa/FsaReportFacade.class]: Unsatisfied dependency expressed through constructor parameter 2: Error creating bean with name 'verificationRecordSupplementService' defined in file [/home/aleksei/OpenideProjects/measurement-bpm-application/build/classes/java/main/com/github/alxsshv/measurementbpmapplication/reports/service/fsa/VerificationRecordSupplementService.class]: Unsatisfied dependency expressed through constructor parameter 0: Error creating bean with name 'arshinClientApi' defined in class path resource [com/github/alxsshv/arshin_client_starter/config/ArshinClientAutoConfiguration.class]: Unsatisfied dependency expressed through method 'arshinClientApi' parameter 0: Error creating bean with name 'vriService': Invocation of init method failed
	at org.springframework.beans.factory.support.ConstructorResolver.createArgumentArray(ConstructorResolver.java:804) ~[spring-beans-6.2.16.jar:6.2.16]
	at org.springframework.beans.factory.support.ConstructorResolver.autowireConstructor(ConstructorResolver.java:240) ~[spring-beans-6.2.16.jar:6.2.16]
	at org.springframework.beans.factory.support.AbstractAutowireCapableBeanFactory.autowireConstructor(AbstractAutowireCapableBeanFactory.java:1395) ~[spring-beans-6.2.16.jar:6.2.16]
	at org.springframework.beans.factory.support.AbstractAutowireCapableBeanFactory.createBeanInstance(AbstractAutowireCapableBeanFactory.java:1232) ~[spring-beans-6.2.16.jar:6.2.16]
	at org.springframework.beans.factory.support.AbstractAutowireCapableBeanFactory.doCreateBean(AbstractAutowireCapableBeanFactory.java:569) ~[spring-beans-6.2.16.jar:6.2.16]
	at org.springframework.beans.factory.support.AbstractAutowireCapableBeanFactory.createBean(AbstractAutowireCapableBeanFactory.java:529) ~[spring-beans-6.2.16.jar:6.2.16]
	at org.springframework.beans.factory.support.AbstractBeanFactory.lambda$doGetBean$0(AbstractBeanFactory.java:339) ~[spring-beans-6.2.16.jar:6.2.16]
	at org.springframework.beans.factory.support.DefaultSingletonBeanRegistry.getSingleton(DefaultSingletonBeanRegistry.java:373) ~[spring-beans-6.2.16.jar:6.2.16]
	at org.springframework.beans.factory.support.AbstractBeanFactory.doGetBean(AbstractBeanFactory.java:337) ~[spring-beans-6.2.16.jar:6.2.16]
	at org.springframework.beans.factory.support.AbstractBeanFactory.getBean(AbstractBeanFactory.java:202) ~[spring-beans-6.2.16.jar:6.2.16]
	at org.springframework.beans.factory.support.DefaultListableBeanFactory.instantiateSingleton(DefaultListableBeanFactory.java:1228) ~[spring-beans-6.2.16.jar:6.2.16]
	at org.springframework.beans.factory.support.DefaultListableBeanFactory.preInstantiateSingleton(DefaultListableBeanFactory.java:1194) ~[spring-beans-6.2.16.jar:6.2.16]
	at org.springframework.beans.factory.support.DefaultListableBeanFactory.preInstantiateSingletons(DefaultListableBeanFactory.java:1130) ~[spring-beans-6.2.16.jar:6.2.16]
	at org.springframework.context.support.AbstractApplicationContext.finishBeanFactoryInitialization(AbstractApplicationContext.java:991) ~[spring-context-6.2.16.jar:6.2.16]
	at org.springframework.context.support.AbstractApplicationContext.refresh(AbstractApplicationContext.java:628) ~[spring-context-6.2.16.jar:6.2.16]
	at org.springframework.boot.web.servlet.context.ServletWebServerApplicationContext.refresh(ServletWebServerApplicationContext.java:146) ~[spring-boot-3.5.11.jar:3.5.11]
	at org.springframework.boot.SpringApplication.refresh(SpringApplication.java:752) ~[spring-boot-3.5.11.jar:3.5.11]
	at org.springframework.boot.SpringApplication.refreshContext(SpringApplication.java:439) ~[spring-boot-3.5.11.jar:3.5.11]
	at org.springframework.boot.SpringApplication.run(SpringApplication.java:318) ~[spring-boot-3.5.11.jar:3.5.11]
	at org.springframework.boot.SpringApplication.run(SpringApplication.java:1361) ~[spring-boot-3.5.11.jar:3.5.11]
	at org.springframework.boot.SpringApplication.run(SpringApplication.java:1350) ~[spring-boot-3.5.11.jar:3.5.11]
	at com.github.alxsshv.measurementbpmapplication.MeasurementBpmApplication.main(MeasurementBpmApplication.java:14) ~[main/:na]
Caused by: org.springframework.beans.factory.UnsatisfiedDependencyException: Error creating bean with name 'fsaReportFacade' defined in file [/home/aleksei/OpenideProjects/measurement-bpm-application/build/classes/java/main/com/github/alxsshv/measurementbpmapplication/reports/service/fsa/FsaReportFacade.class]: Unsatisfied dependency expressed through constructor parameter 2: Error creating bean with name 'verificationRecordSupplementService' defined in file [/home/aleksei/OpenideProjects/measurement-bpm-application/build/classes/java/main/com/github/alxsshv/measurementbpmapplication/reports/service/fsa/VerificationRecordSupplementService.class]: Unsatisfied dependency expressed through constructor parameter 0: Error creating bean with name 'arshinClientApi' defined in class path resource [com/github/alxsshv/arshin_client_starter/config/ArshinClientAutoConfiguration.class]: Unsatisfied dependency expressed through method 'arshinClientApi' parameter 0: Error creating bean with name 'vriService': Invocation of init method failed
	at org.springframework.beans.factory.support.ConstructorResolver.createArgumentArray(ConstructorResolver.java:804) ~[spring-beans-6.2.16.jar:6.2.16]
	at org.springframework.beans.factory.support.ConstructorResolver.autowireConstructor(ConstructorResolver.java:240) ~[spring-beans-6.2.16.jar:6.2.16]
	at org.springframework.beans.factory.support.AbstractAutowireCapableBeanFactory.autowireConstructor(AbstractAutowireCapableBeanFactory.java:1395) ~[spring-beans-6.2.16.jar:6.2.16]
	at org.springframework.beans.factory.support.AbstractAutowireCapableBeanFactory.createBeanInstance(AbstractAutowireCapableBeanFactory.java:1232) ~[spring-beans-6.2.16.jar:6.2.16]
	at org.springframework.beans.factory.support.AbstractAutowireCapableBeanFactory.doCreateBean(AbstractAutowireCapableBeanFactory.java:569) ~[spring-beans-6.2.16.jar:6.2.16]
	at org.springframework.beans.factory.support.AbstractAutowireCapableBeanFactory.createBean(AbstractAutowireCapableBeanFactory.java:529) ~[spring-beans-6.2.16.jar:6.2.16]
	at org.springframework.beans.factory.support.AbstractBeanFactory.lambda$doGetBean$0(AbstractBeanFactory.java:339) ~[spring-beans-6.2.16.jar:6.2.16]
	at org.springframework.beans.factory.support.DefaultSingletonBeanRegistry.getSingleton(DefaultSingletonBeanRegistry.java:373) ~[spring-beans-6.2.16.jar:6.2.16]
	at org.springframework.beans.factory.support.AbstractBeanFactory.doGetBean(AbstractBeanFactory.java:337) ~[spring-beans-6.2.16.jar:6.2.16]
	at org.springframework.beans.factory.support.AbstractBeanFactory.getBean(AbstractBeanFactory.java:202) ~[spring-beans-6.2.16.jar:6.2.16]
	at org.springframework.beans.factory.support.DefaultListableBeanFactory.doResolveDependency(DefaultListableBeanFactory.java:1708) ~[spring-beans-6.2.16.jar:6.2.16]
	at org.springframework.beans.factory.support.DefaultListableBeanFactory.resolveDependency(DefaultListableBeanFactory.java:1653) ~[spring-beans-6.2.16.jar:6.2.16]
	at org.springframework.beans.factory.support.ConstructorResolver.resolveAutowiredArgument(ConstructorResolver.java:913) ~[spring-beans-6.2.16.jar:6.2.16]
	at org.springframework.beans.factory.support.ConstructorResolver.createArgumentArray(ConstructorResolver.java:791) ~[spring-beans-6.2.16.jar:6.2.16]
	... 21 common frames omitted
Caused by: org.springframework.beans.factory.UnsatisfiedDependencyException: Error creating bean with name 'verificationRecordSupplementService' defined in file [/home/aleksei/OpenideProjects/measurement-bpm-application/build/classes/java/main/com/github/alxsshv/measurementbpmapplication/reports/service/fsa/VerificationRecordSupplementService.class]: Unsatisfied dependency expressed through constructor parameter 0: Error creating bean with name 'arshinClientApi' defined in class path resource [com/github/alxsshv/arshin_client_starter/config/ArshinClientAutoConfiguration.class]: Unsatisfied dependency expressed through method 'arshinClientApi' parameter 0: Error creating bean with name 'vriService': Invocation of init method failed
	at org.springframework.beans.factory.support.ConstructorResolver.createArgumentArray(ConstructorResolver.java:804) ~[spring-beans-6.2.16.jar:6.2.16]
	at org.springframework.beans.factory.support.ConstructorResolver.autowireConstructor(ConstructorResolver.java:240) ~[spring-beans-6.2.16.jar:6.2.16]
	at org.springframework.beans.factory.support.AbstractAutowireCapableBeanFactory.autowireConstructor(AbstractAutowireCapableBeanFactory.java:1395) ~[spring-beans-6.2.16.jar:6.2.16]
	at org.springframework.beans.factory.support.AbstractAutowireCapableBeanFactory.createBeanInstance(AbstractAutowireCapableBeanFactory.java:1232) ~[spring-beans-6.2.16.jar:6.2.16]
	at org.springframework.beans.factory.support.AbstractAutowireCapableBeanFactory.doCreateBean(AbstractAutowireCapableBeanFactory.java:569) ~[spring-beans-6.2.16.jar:6.2.16]
	at org.springframework.beans.factory.support.AbstractAutowireCapableBeanFactory.createBean(AbstractAutowireCapableBeanFactory.java:529) ~[spring-beans-6.2.16.jar:6.2.16]
	at org.springframework.beans.factory.support.AbstractBeanFactory.lambda$doGetBean$0(AbstractBeanFactory.java:339) ~[spring-beans-6.2.16.jar:6.2.16]
	at org.springframework.beans.factory.support.DefaultSingletonBeanRegistry.getSingleton(DefaultSingletonBeanRegistry.java:373) ~[spring-beans-6.2.16.jar:6.2.16]
	at org.springframework.beans.factory.support.AbstractBeanFactory.doGetBean(AbstractBeanFactory.java:337) ~[spring-beans-6.2.16.jar:6.2.16]
	at org.springframework.beans.factory.support.AbstractBeanFactory.getBean(AbstractBeanFactory.java:202) ~[spring-beans-6.2.16.jar:6.2.16]
	at org.springframework.beans.factory.config.DependencyDescriptor.resolveCandidate(DependencyDescriptor.java:254) ~[spring-beans-6.2.16.jar:6.2.16]
	at org.springframework.beans.factory.support.DefaultListableBeanFactory.doResolveDependency(DefaultListableBeanFactory.java:1770) ~[spring-beans-6.2.16.jar:6.2.16]
	at org.springframework.beans.factory.support.DefaultListableBeanFactory.resolveDependency(DefaultListableBeanFactory.java:1653) ~[spring-beans-6.2.16.jar:6.2.16]
	at org.springframework.beans.factory.support.ConstructorResolver.resolveAutowiredArgument(ConstructorResolver.java:913) ~[spring-beans-6.2.16.jar:6.2.16]
	at org.springframework.beans.factory.support.ConstructorResolver.createArgumentArray(ConstructorResolver.java:791) ~[spring-beans-6.2.16.jar:6.2.16]
	... 34 common frames omitted
Caused by: org.springframework.beans.factory.UnsatisfiedDependencyException: Error creating bean with name 'arshinClientApi' defined in class path resource [com/github/alxsshv/arshin_client_starter/config/ArshinClientAutoConfiguration.class]: Unsatisfied dependency expressed through method 'arshinClientApi' parameter 0: Error creating bean with name 'vriService': Invocation of init method failed
	at org.springframework.beans.factory.support.ConstructorResolver.createArgumentArray(ConstructorResolver.java:804) ~[spring-beans-6.2.16.jar:6.2.16]
	at org.springframework.beans.factory.support.ConstructorResolver.instantiateUsingFactoryMethod(ConstructorResolver.java:546) ~[spring-beans-6.2.16.jar:6.2.16]
	at org.springframework.beans.factory.support.AbstractAutowireCapableBeanFactory.instantiateUsingFactoryMethod(AbstractAutowireCapableBeanFactory.java:1375) ~[spring-beans-6.2.16.jar:6.2.16]
	at org.springframework.beans.factory.support.AbstractAutowireCapableBeanFactory.createBeanInstance(AbstractAutowireCapableBeanFactory.java:1205) ~[spring-beans-6.2.16.jar:6.2.16]
	at org.springframework.beans.factory.support.AbstractAutowireCapableBeanFactory.doCreateBean(AbstractAutowireCapableBeanFactory.java:569) ~[spring-beans-6.2.16.jar:6.2.16]
	at org.springframework.beans.factory.support.AbstractAutowireCapableBeanFactory.createBean(AbstractAutowireCapableBeanFactory.java:529) ~[spring-beans-6.2.16.jar:6.2.16]
	at org.springframework.beans.factory.support.AbstractBeanFactory.lambda$doGetBean$0(AbstractBeanFactory.java:339) ~[spring-beans-6.2.16.jar:6.2.16]
	at org.springframework.beans.factory.support.DefaultSingletonBeanRegistry.getSingleton(DefaultSingletonBeanRegistry.java:373) ~[spring-beans-6.2.16.jar:6.2.16]
	at org.springframework.beans.factory.support.AbstractBeanFactory.doGetBean(AbstractBeanFactory.java:337) ~[spring-beans-6.2.16.jar:6.2.16]
	at org.springframework.beans.factory.support.AbstractBeanFactory.getBean(AbstractBeanFactory.java:202) ~[spring-beans-6.2.16.jar:6.2.16]
	at org.springframework.beans.factory.support.DefaultListableBeanFactory.doResolveDependency(DefaultListableBeanFactory.java:1708) ~[spring-beans-6.2.16.jar:6.2.16]
	at org.springframework.beans.factory.support.DefaultListableBeanFactory.resolveDependency(DefaultListableBeanFactory.java:1653) ~[spring-beans-6.2.16.jar:6.2.16]
	at org.springframework.beans.factory.support.ConstructorResolver.resolveAutowiredArgument(ConstructorResolver.java:913) ~[spring-beans-6.2.16.jar:6.2.16]
	at org.springframework.beans.factory.support.ConstructorResolver.createArgumentArray(ConstructorResolver.java:791) ~[spring-beans-6.2.16.jar:6.2.16]
	... 48 common frames omitted
Caused by: org.springframework.beans.factory.BeanCreationException: Error creating bean with name 'vriService': Invocation of init method failed
	at org.springframework.beans.factory.annotation.InitDestroyAnnotationBeanPostProcessor.postProcessBeforeInitialization(InitDestroyAnnotationBeanPostProcessor.java:222) ~[spring-beans-6.2.16.jar:6.2.16]
	at org.springframework.beans.factory.support.AbstractAutowireCapableBeanFactory.applyBeanPostProcessorsBeforeInitialization(AbstractAutowireCapableBeanFactory.java:429) ~[spring-beans-6.2.16.jar:6.2.16]
	at org.springframework.beans.factory.support.AbstractAutowireCapableBeanFactory.initializeBean(AbstractAutowireCapableBeanFactory.java:1818) ~[spring-beans-6.2.16.jar:6.2.16]
	at org.springframework.beans.factory.support.AbstractAutowireCapableBeanFactory.doCreateBean(AbstractAutowireCapableBeanFactory.java:607) ~[spring-beans-6.2.16.jar:6.2.16]
	at org.springframework.beans.factory.support.AbstractAutowireCapableBeanFactory.createBean(AbstractAutowireCapableBeanFactory.java:529) ~[spring-beans-6.2.16.jar:6.2.16]
	at org.springframework.beans.factory.support.AbstractBeanFactory.lambda$doGetBean$0(AbstractBeanFactory.java:339) ~[spring-beans-6.2.16.jar:6.2.16]
	at org.springframework.beans.factory.support.DefaultSingletonBeanRegistry.getSingleton(DefaultSingletonBeanRegistry.java:373) ~[spring-beans-6.2.16.jar:6.2.16]
	at org.springframework.beans.factory.support.AbstractBeanFactory.doGetBean(AbstractBeanFactory.java:337) ~[spring-beans-6.2.16.jar:6.2.16]
	at org.springframework.beans.factory.support.AbstractBeanFactory.getBean(AbstractBeanFactory.java:202) ~[spring-beans-6.2.16.jar:6.2.16]
	at org.springframework.beans.factory.config.DependencyDescriptor.resolveCandidate(DependencyDescriptor.java:254) ~[spring-beans-6.2.16.jar:6.2.16]
	at org.springframework.beans.factory.support.DefaultListableBeanFactory.doResolveDependency(DefaultListableBeanFactory.java:1770) ~[spring-beans-6.2.16.jar:6.2.16]
	at org.springframework.beans.factory.support.DefaultListableBeanFactory.resolveDependency(DefaultListableBeanFactory.java:1653) ~[spring-beans-6.2.16.jar:6.2.16]
	at org.springframework.beans.factory.support.ConstructorResolver.resolveAutowiredArgument(ConstructorResolver.java:913) ~[spring-beans-6.2.16.jar:6.2.16]
	at org.springframework.beans.factory.support.ConstructorResolver.createArgumentArray(ConstructorResolver.java:791) ~[spring-beans-6.2.16.jar:6.2.16]
	... 61 common frames omitted
Caused by: com.github.alxsshv.arshin_client_starter.exception.ArshinClientConfigurationException: Не указан  шифр организации в файле конфигурации. Пример заполнения файла свойств: + 
client:
  arshin:
    params:
      # Задержка между выполнением запросов к API ФГИС Аршин
      between-requests-delay-ms : 5000
    organization:
        # Шифр организации-поверителя
        sign: АИО
        # Название организации поверителя как в разделе поверка ФГИС Аршин
        title: АО "РОГА И КОПЫТЫ"
    uri:
      # URL по которому обращаемся в ФГИС Аршин для получения сведения о поверке
      vri: "https://fgis.gost.ru/fundmetrology/eapi/vri?"


	at com.github.alxsshv.arshin_client_starter.service.VriService.validateClientParams(VriService.java:53) ~[arshin-client-starter-1.0.1-plain.jar:na]
	at java.base/jdk.internal.reflect.NativeMethodAccessorImpl.invoke0(Native Method) ~[na:na]
	at java.base/jdk.internal.reflect.NativeMethodAccessorImpl.invoke(NativeMethodAccessorImpl.java:77) ~[na:na]
	at java.base/jdk.internal.reflect.DelegatingMethodAccessorImpl.invoke(DelegatingMethodAccessorImpl.java:43) ~[na:na]
	at java.base/java.lang.reflect.Method.invoke(Method.java:569) ~[na:na]
	at org.springframework.beans.factory.annotation.InitDestroyAnnotationBeanPostProcessor$LifecycleMethod.invoke(InitDestroyAnnotationBeanPostProcessor.java:457) ~[spring-beans-6.2.16.jar:6.2.16]
	at org.springframework.beans.factory.annotation.InitDestroyAnnotationBeanPostProcessor$LifecycleMetadata.invokeInitMethods(InitDestroyAnnotationBeanPostProcessor.java:401) ~[spring-beans-6.2.16.jar:6.2.16]
	at org.springframework.beans.factory.annotation.InitDestroyAnnotationBeanPostProcessor.postProcessBeforeInitialization(InitDestroyAnnotationBeanPostProcessor.java:219) ~[spring-beans-6.2.16.jar:6.2.16]
	... 74 common frames omitted

2026-05-01T17:54:57.571+03:00  INFO 1464804 --- [measurement-bpm-application] [main] c.g.a.m.MeasurementBpmApplication        : Starting MeasurementBpmApplication using Java 17.0.17 with PID 1464804 (/home/aleksei/OpenideProjects/measurement-bpm-application/build/classes/java/main started by aleksei in /home/aleksei/OpenideProjects/measurement-bpm-application)
2026-05-01T17:54:57.577+03:00  INFO 1464804 --- [measurement-bpm-application] [main] c.g.a.m.MeasurementBpmApplication        : The following 1 profile is active: "prod"
2026-05-01T17:54:59.985+03:00  INFO 1464804 --- [measurement-bpm-application] [main] o.s.b.w.embedded.tomcat.TomcatWebServer  : Tomcat initialized with port 9090 (http)
2026-05-01T17:55:00.012+03:00  INFO 1464804 --- [measurement-bpm-application] [main] o.apache.catalina.core.StandardService   : Starting service [Tomcat]
2026-05-01T17:55:00.013+03:00  INFO 1464804 --- [measurement-bpm-application] [main] o.apache.catalina.core.StandardEngine    : Starting Servlet engine: [Apache Tomcat/10.1.52]
2026-05-01T17:55:00.104+03:00  INFO 1464804 --- [measurement-bpm-application] [main] o.a.c.c.C.[Tomcat].[localhost].[/]       : Initializing Spring embedded WebApplicationContext
2026-05-01T17:55:00.105+03:00  INFO 1464804 --- [measurement-bpm-application] [main] w.s.c.ServletWebServerApplicationContext : Root WebApplicationContext: initialization completed in 2395 ms
2026-05-01T17:55:00.820+03:00  INFO 1464804 --- [measurement-bpm-application] [main] o.s.b.a.w.s.WelcomePageHandlerMapping    : Adding welcome page template: index
2026-05-01T17:55:01.366+03:00  INFO 1464804 --- [measurement-bpm-application] [main] o.s.b.w.embedded.tomcat.TomcatWebServer  : Tomcat started on port 9090 (http) with context path '/'
2026-05-01T17:55:01.396+03:00  INFO 1464804 --- [measurement-bpm-application] [main] c.g.a.m.MeasurementBpmApplication        : Started MeasurementBpmApplication in 4.968 seconds (process running for 6.167)
2026-05-01T17:55:01.409+03:00  INFO 1464804 --- [measurement-bpm-application] [task-1] c.g.a.m.f.service.FileServiceScheduler   : Запущен процесс очитки устаревших отчетов о поверке для ФГИС Аршин в файловом хранилище
2026-05-01T17:55:01.410+03:00  INFO 1464804 --- [measurement-bpm-application] [task-2] c.g.a.m.f.service.FileServiceScheduler   : Запущен процесс очитки временных файлов в файловом хранилище
2026-05-01T17:55:01.410+03:00  INFO 1464804 --- [measurement-bpm-application] [task-3] c.g.a.m.f.service.FileServiceScheduler   : Запущен процесс очитки устаревших отчетов о поверке для ФСА в файловом хранилище
2026-05-01T17:55:01.518+03:00  INFO 1464804 --- [measurement-bpm-application] [task-4] c.g.a.m.r.service.FsaReportTaskExecutor  : Запущено выполнение задачи [ d9a1f42e-19c4-4db0-9e43-d94f159c7240 ] в потоке task-4
2026-05-01T17:55:01.522+03:00  INFO 1464804 --- [measurement-bpm-application] [task-4] c.g.a.m.r.service.FsaReportTaskExecutor  : Задача [ d9a1f42e-19c4-4db0-9e43-d94f159c7240 ] уже выполнена
2026-05-01T17:55:04.308+03:00  INFO 1464804 --- [measurement-bpm-application] [SpringApplicationShutdownHook] o.s.b.w.e.tomcat.GracefulShutdown        : Commencing graceful shutdown. Waiting for active requests to complete
2026-05-01T17:55:04.317+03:00  INFO 1464804 --- [measurement-bpm-application] [tomcat-shutdown] o.s.b.w.e.tomcat.GracefulShutdown        : Graceful shutdown complete
